--------------------------------------------------------------------------------
Release 14.6 Trace  (nt64)
Copyright (c) 1995-2013 Xilinx, Inc.  All rights reserved.

C:\Xilinx\14.6\ISE_DS\ISE\bin\nt64\unwrapped\trce.exe -intstyle ise -v 3 -s 2
-n 3 -fastpaths -xml top.twx top.ncd -o top.twr top.pcf -ucf top.ucf

Design file:              top.ncd
Physical constraint file: top.pcf
Device,package,speed:     xc6slx45,fgg676,C,-2 (PRODUCTION 1.23 2013-06-08)
Report level:             verbose report

Environment Variable      Effect 
--------------------      ------ 
NONE                      No environment variables were set
--------------------------------------------------------------------------------

INFO:Timing:2698 - No timing constraints found, doing default enumeration.
INFO:Timing:3412 - To improve timing, see the Timing Closure User Guide (UG612).
INFO:Timing:2752 - To get complete path coverage, use the unconstrained paths 
   option. All paths that are not constrained will be reported in the 
   unconstrained paths section(s) of the report.
INFO:Timing:3339 - The clock-to-out numbers in this timing report are based on 
   a 50 Ohm transmission line loading model.  For the details of this model, 
   and for more information on accounting for different loading conditions, 
   please see the device datasheet.



Data Sheet report:
-----------------
All values displayed in nanoseconds (ns)

Setup/Hold to clock clk_i
------------+------------+------------+------------+------------+---------------------+--------+
            |Max Setup to|  Process   |Max Hold to |  Process   |                     | Clock  |
Source      | clk (edge) |   Corner   | clk (edge) |   Corner   |Internal Clock(s)    | Phase  |
------------+------------+------------+------------+------------+---------------------+--------+
reset_n_i   |    3.927(R)|      SLOW  |   -1.673(R)|      SLOW  |vga_top_i/vga_i/clk_s|   0.000|
------------+------------+------------+------------+------------+---------------------+--------+

Clock clk_i to Pad
------------+-----------------+------------+-----------------+------------+---------------------+--------+
            |Max (slowest) clk|  Process   |Min (fastest) clk|  Process   |                     | Clock  |
Destination |  (edge) to PAD  |   Corner   |  (edge) to PAD  |   Corner   |Internal Clock(s)    | Phase  |
------------+-----------------+------------+-----------------+------------+---------------------+--------+
blank_o     |        14.583(R)|      SLOW  |         6.670(R)|      FAST  |vga_top_i/vga_i/clk_s|   0.000|
green_o<0>  |        15.715(R)|      SLOW  |         7.262(R)|      FAST  |vga_top_i/vga_i/clk_s|   0.000|
green_o<1>  |        16.238(R)|      SLOW  |         7.576(R)|      FAST  |vga_top_i/vga_i/clk_s|   0.000|
green_o<2>  |        16.282(R)|      SLOW  |         7.620(R)|      FAST  |vga_top_i/vga_i/clk_s|   0.000|
green_o<3>  |        16.099(R)|      SLOW  |         7.523(R)|      FAST  |vga_top_i/vga_i/clk_s|   0.000|
green_o<4>  |        15.731(R)|      SLOW  |         7.421(R)|      FAST  |vga_top_i/vga_i/clk_s|   0.000|
green_o<5>  |        16.034(R)|      SLOW  |         7.468(R)|      FAST  |vga_top_i/vga_i/clk_s|   0.000|
green_o<6>  |        15.589(R)|      SLOW  |         7.353(R)|      FAST  |vga_top_i/vga_i/clk_s|   0.000|
green_o<7>  |        16.546(R)|      SLOW  |         7.855(R)|      FAST  |vga_top_i/vga_i/clk_s|   0.000|
pix_clock_o |        12.109(R)|      SLOW  |         5.212(R)|      FAST  |vga_top_i/vga_i/clk_s|   0.000|
            |        12.047(F)|      SLOW  |         5.146(F)|      FAST  |vga_top_i/vga_i/clk_s|   0.000|
psave_o     |        14.367(R)|      SLOW  |         6.530(R)|      FAST  |vga_top_i/vga_i/clk_s|   0.000|
red_o<0>    |        16.615(R)|      SLOW  |         7.829(R)|      FAST  |vga_top_i/vga_i/clk_s|   0.000|
red_o<1>    |        17.013(R)|      SLOW  |         8.054(R)|      FAST  |vga_top_i/vga_i/clk_s|   0.000|
red_o<2>    |        16.718(R)|      SLOW  |         7.867(R)|      FAST  |vga_top_i/vga_i/clk_s|   0.000|
red_o<3>    |        16.599(R)|      SLOW  |         7.812(R)|      FAST  |vga_top_i/vga_i/clk_s|   0.000|
red_o<4>    |        16.382(R)|      SLOW  |         7.703(R)|      FAST  |vga_top_i/vga_i/clk_s|   0.000|
red_o<5>    |        16.292(R)|      SLOW  |         7.566(R)|      FAST  |vga_top_i/vga_i/clk_s|   0.000|
red_o<6>    |        16.153(R)|      SLOW  |         7.513(R)|      FAST  |vga_top_i/vga_i/clk_s|   0.000|
red_o<7>    |        15.930(R)|      SLOW  |         7.398(R)|      FAST  |vga_top_i/vga_i/clk_s|   0.000|
sync_o      |        14.517(R)|      SLOW  |         6.621(R)|      FAST  |vga_top_i/vga_i/clk_s|   0.000|
vga_hsync_o |        14.463(R)|      SLOW  |         6.632(R)|      FAST  |vga_top_i/vga_i/clk_s|   0.000|
vga_vsync_o |        14.734(R)|      SLOW  |         6.764(R)|      FAST  |vga_top_i/vga_i/clk_s|   0.000|
------------+-----------------+------------+-----------------+------------+---------------------+--------+

Clock to Setup on destination clock clk_i
---------------+---------+---------+---------+---------+
               | Src:Rise| Src:Fall| Src:Rise| Src:Fall|
Source Clock   |Dest:Rise|Dest:Rise|Dest:Fall|Dest:Fall|
---------------+---------+---------+---------+---------+
clk_i          |   12.688|         |         |         |
---------------+---------+---------+---------+---------+


Analysis completed Wed Mar 22 10:06:51 2017 
--------------------------------------------------------------------------------

Trace Settings:
-------------------------
Trace Settings 

Peak Memory Usage: 265 MB



