--------------------------------------------------------------------------------
Release 14.6 Trace  (nt64)
Copyright (c) 1995-2013 Xilinx, Inc.  All rights reserved.

C:\Xilinx\14.6\ISE_DS\ISE\bin\nt64\unwrapped\trce.exe -intstyle ise -v 3 -s 2
-n 3 -fastpaths -xml top.twx top.ncd -o top.twr top.pcf -ucf top.ucf

Design file:              top.ncd
Physical constraint file: top.pcf
Device,package,speed:     xc6slx45,fgg676,C,-2 (PRODUCTION 1.23 2013-06-08)
Report level:             verbose report

Environment Variable      Effect 
--------------------      ------ 
NONE                      No environment variables were set
--------------------------------------------------------------------------------

INFO:Timing:2698 - No timing constraints found, doing default enumeration.
INFO:Timing:3412 - To improve timing, see the Timing Closure User Guide (UG612).
INFO:Timing:2752 - To get complete path coverage, use the unconstrained paths 
   option. All paths that are not constrained will be reported in the 
   unconstrained paths section(s) of the report.
INFO:Timing:3339 - The clock-to-out numbers in this timing report are based on 
   a 50 Ohm transmission line loading model.  For the details of this model, 
   and for more information on accounting for different loading conditions, 
   please see the device datasheet.



Data Sheet report:
-----------------
All values displayed in nanoseconds (ns)

Setup/Hold to clock clk_i
------------+------------+------------+------------+------------+---------------------+--------+
            |Max Setup to|  Process   |Max Hold to |  Process   |                     | Clock  |
Source      | clk (edge) |   Corner   | clk (edge) |   Corner   |Internal Clock(s)    | Phase  |
------------+------------+------------+------------+------------+---------------------+--------+
reset_n_i   |    5.287(R)|      SLOW  |   -2.670(R)|      FAST  |vga_top_i/vga_i/clk_s|   0.000|
------------+------------+------------+------------+------------+---------------------+--------+

Clock clk_i to Pad
------------+-----------------+------------+-----------------+------------+---------------------+--------+
            |Max (slowest) clk|  Process   |Min (fastest) clk|  Process   |                     | Clock  |
Destination |  (edge) to PAD  |   Corner   |  (edge) to PAD  |   Corner   |Internal Clock(s)    | Phase  |
------------+-----------------+------------+-----------------+------------+---------------------+--------+
blank_o     |        14.346(R)|      SLOW  |         6.541(R)|      FAST  |vga_top_i/vga_i/clk_s|   0.000|
green_o<0>  |        15.883(R)|      SLOW  |         7.351(R)|      FAST  |vga_top_i/vga_i/clk_s|   0.000|
green_o<1>  |        17.738(R)|      SLOW  |         8.427(R)|      FAST  |vga_top_i/vga_i/clk_s|   0.000|
green_o<2>  |        17.604(R)|      SLOW  |         8.379(R)|      FAST  |vga_top_i/vga_i/clk_s|   0.000|
green_o<3>  |        17.381(R)|      SLOW  |         8.264(R)|      FAST  |vga_top_i/vga_i/clk_s|   0.000|
green_o<4>  |        15.595(R)|      SLOW  |         7.399(R)|      FAST  |vga_top_i/vga_i/clk_s|   0.000|
green_o<5>  |        17.303(R)|      SLOW  |         8.186(R)|      FAST  |vga_top_i/vga_i/clk_s|   0.000|
green_o<6>  |        15.770(R)|      SLOW  |         7.488(R)|      FAST  |vga_top_i/vga_i/clk_s|   0.000|
green_o<7>  |        17.803(R)|      SLOW  |         8.585(R)|      FAST  |vga_top_i/vga_i/clk_s|   0.000|
pix_clock_o |        12.109(R)|      SLOW  |         5.212(R)|      FAST  |vga_top_i/vga_i/clk_s|   0.000|
            |        12.047(F)|      SLOW  |         5.146(F)|      FAST  |vga_top_i/vga_i/clk_s|   0.000|
psave_o     |        14.353(R)|      SLOW  |         6.506(R)|      FAST  |vga_top_i/vga_i/clk_s|   0.000|
red_o<0>    |        16.379(R)|      SLOW  |         7.702(R)|      FAST  |vga_top_i/vga_i/clk_s|   0.000|
red_o<1>    |        16.646(R)|      SLOW  |         7.852(R)|      FAST  |vga_top_i/vga_i/clk_s|   0.000|
red_o<2>    |        16.350(R)|      SLOW  |         7.664(R)|      FAST  |vga_top_i/vga_i/clk_s|   0.000|
red_o<3>    |        16.359(R)|      SLOW  |         7.692(R)|      FAST  |vga_top_i/vga_i/clk_s|   0.000|
red_o<4>    |        16.176(R)|      SLOW  |         7.595(R)|      FAST  |vga_top_i/vga_i/clk_s|   0.000|
red_o<5>    |        15.925(R)|      SLOW  |         7.364(R)|      FAST  |vga_top_i/vga_i/clk_s|   0.000|
red_o<6>    |        15.786(R)|      SLOW  |         7.311(R)|      FAST  |vga_top_i/vga_i/clk_s|   0.000|
red_o<7>    |        15.596(R)|      SLOW  |         7.207(R)|      FAST  |vga_top_i/vga_i/clk_s|   0.000|
sync_o      |        14.327(R)|      SLOW  |         6.517(R)|      FAST  |vga_top_i/vga_i/clk_s|   0.000|
vga_hsync_o |        14.352(R)|      SLOW  |         6.549(R)|      FAST  |vga_top_i/vga_i/clk_s|   0.000|
vga_vsync_o |        14.397(R)|      SLOW  |         6.550(R)|      FAST  |vga_top_i/vga_i/clk_s|   0.000|
------------+-----------------+------------+-----------------+------------+---------------------+--------+

Clock to Setup on destination clock clk_i
---------------+---------+---------+---------+---------+
               | Src:Rise| Src:Fall| Src:Rise| Src:Fall|
Source Clock   |Dest:Rise|Dest:Rise|Dest:Fall|Dest:Fall|
---------------+---------+---------+---------+---------+
clk_i          |   10.960|         |         |         |
---------------+---------+---------+---------+---------+


Analysis completed Wed Mar 22 10:13:55 2017 
--------------------------------------------------------------------------------

Trace Settings:
-------------------------
Trace Settings 

Peak Memory Usage: 268 MB



